C51 COMPILER V9.52.0.0   BLUETOOTH                                                         05/17/2017 21:50:30 PAGE 1   


C51 COMPILER V9.52.0.0, COMPILATION OF MODULE BLUETOOTH
OBJECT MODULE PLACED IN bluetooth.OBJ
COMPILER INVOKED BY: D:\Keil\C51\BIN\C51.EXE bluetooth.c LARGE BROWSE INCDIR(..\Wind Swing) DEBUG OBJECTEXTEND TABS(2)

line level    source

   1          #include "STC15Fxxxx.h"
   2          #include "bluetooth.h"
   3          
   4          extern bit busy;
   5          
   6          void bluetooth_init()   //T2 1T 9600bps
   7          {
   8   1        P1M0&=0XFC;
   9   1        P1M1&=0XFC;
  10   1        P_SW2&=0xFE;      //P10RXD2  P11TXD2
  11   1        
  12   1        S2CON = 0x50;     //8bit REN=1
  13   1        AUXR|=0x04;   //T2  1T
  14   1      //  IP2=0X01;
  15   1        T2L=0xE0;       //设置定时器初值
  16   1        T2H=0xFe;       //设置定时器初值
  17   1        AUXR |= 0x10;     //Run T2
  18   1        IE2=0X01;
  19   1        EA=1;
  20   1      }
  21          
  22          void bluetooth_initstruct(bluetooth_structdef *bluetooth_structure)
  23          {
  24   1        bluetooth_structure->mode=1;
  25   1        bluetooth_structure->r=0;
  26   1        bluetooth_structure->angle=0;
  27   1        bluetooth_structure->angle_x=0;
  28   1        bluetooth_structure->angle_y=0;
  29   1      }


MODULE INFORMATION:   STATIC OVERLAYABLE
   CODE SIZE        =     78    ----
   CONSTANT SIZE    =   ----    ----
   XDATA SIZE       =   ----    ----
   PDATA SIZE       =   ----    ----
   DATA SIZE        =   ----    ----
   IDATA SIZE       =   ----    ----
   BIT SIZE         =   ----    ----
END OF MODULE INFORMATION.


C51 COMPILATION COMPLETE.  0 WARNING(S),  0 ERROR(S)
